[36m╔======================================================================╗
[0m[36m║                                                                      ║
[0m[36m║ [0m[35m     ██╗   ██╗███╗   ██╗██╗████████╗███████╗███████╗████████╗       [0m[36m ║
[0m[36m║ [0m[35m     ██║   ██║████╗  ██║██║╚══██╔══╝██╔════╝██╔════╝╚══██╔══╝       [0m[36m ║
[0m[36m║ [0m[35m     ██║   ██║██╔██╗ ██║██║   ██║   █████╗  ███████╗   ██║          [0m[36m ║
[0m[36m║ [0m[35m     ██║   ██║██║╚██╗██║██║   ██║   ██╔══╝  ╚════██║   ██║          [0m[36m ║
[0m[36m║ [0m[35m     ╚██████╔╝██║ ╚████║██║   ██║   ███████╗███████║   ██║          [0m[36m ║
[0m[36m║ [0m[35m      ╚═════╝ ╚═╝  ╚═══╝╚═╝   ╚═╝   ╚══════╝╚══════╝   ╚═╝          [0m[36m ║
[0m[36m║                                                                      ║
[0m[36m║[0m[34;1m                C++ Unit Testing Framework v1.0.0                [0m[36m     ║
[0m[36m║[0m[37m              Fast, Reliable, and Developer-Friendly              [0m[36m    ║
[0m[36m║                                                                      ║
[0m[36m║[0m[32m  Number of tests: 3                                                  [0m[36m║
[0m[36m║[0m[32m  Verbose mode: enabled                                               [0m[36m║
[0m[36m║[0m[32m  Colors: enabled                                                     [0m[36m║
[0m[36m║[0m[32m  Progress bar: disabled                                              [0m[36m║
[0m[36m║                                                                      ║
[0m[36m║[0m[90m               Session started: 2026-04-05 16:52:47               [0m[36m    ║
[0m[36m║                                                                      ║
[0m[36m╚======================================================================╝
[0m
[32;1m✓ [0mTP5_SVDReconstruction                         [[32mOK[0m]  3/3 assertions  (< 1ms)
[32m  ✓ [0m3 assertion(s) réussie(s)[90m (moy: < 1ms/assert)[0m
[31;1m✗ [0mTP5_SVDShape                                  [[31mECHEC[0m]  1/2 assertions  (< 1ms)
[31m  → Premier échec : [0m[37;1mAssertTrue failed[0m
[36m  📍 [0m]8;;file:///home/npe-tech/Coder-pour-AR-4AIA/TP_RA_Patrice/TP5/tests/test_svd.cpp:15\[94;4m/home/npe-tech/Coder-pour-AR-4AIA/TP_RA_Patrice/TP5/tests/test_svd.cpp:15[0m]8;;\
[32;1m✓ [0mTP5_Transpose                                 [[32mOK[0m]  3/3 assertions  (< 1ms)
[32m  ✓ [0m3 assertion(s) réussie(s)[90m (moy: < 1ms/assert)[0m


[36m┌────────────────────── RÉSULTATS DES TESTS ──────────────────────┐
[0m[36m│ [0m[31;1mÉCHEC[0m                                              [36m             │
[0m[36m├─────────────────────────────────────────────────────────────────┤
[0m[36m│ Tests :      [0m[32m2[0m réussis, [31m1[0m échoués, 3 au total          [36m│
[0m[36m│ Assertions : [0m[32m7[0m réussies, [31m1[0m échouées, 8 au total         [36m│
[0m[36m│ Taux succès : [0mTests: 66.7%, Assertions: 87.5%        [36m│
[0m[36m│ Temps total : [0m< 1ms (< 1ms/test)     [36m│
[0m[36m└──────────────────────────────────────────────────────────────┘
[0m
[33;1m🔍 Pour déboguer :
[0m[37m  • Voir les détails des échecs ci-dessus
[0m[37m  • Lancer un test spécifique : ./tests --filter=NOM_DU_TEST
[0m[37m  • Activer le mode détaillé : ./tests --verbose
[0m
Tests failed for TP5_Tests.

╔══════════════════════════════════════════════════════════════════╗
║                                                                  ║
║                ██╗███████╗███╗   ██╗ ██████╗  █████╗             ║
║                ██║██╔════╝████╗  ██║██╔════╝ ██╔══██╗            ║
║                ██║█████╗  ██╔██╗ ██║██║  ███╗███████║            ║
║           ██   ██║██╔══╝  ██║╚██╗██║██║   ██║██╔══██║            ║
║           ╚█████╔╝███████╗██║ ╚████║╚██████╔╝██║  ██║            ║
║            ╚════╝ ╚══════╝╚═╝  ╚═══╝ ╚═════╝ ╚═╝  ╚═╝            ║
║                                                                  ║
║             Multi-platform C/C++ Build System v2.0.1             ║
║                                                                  ║
╚══════════════════════════════════════════════════════════════════╝

Building TP5_Tests...
Loading workspace...

Configuration: Debug
Target:        Linux x86_64
Toolchain:     host-gcc

Build Order (3 projects):
  1. __Unitest__ [STATIC_LIB] → 
  2. TP5 [CONSOLE_APP] → 
  3. TP5_Tests [TEST_SUITE] (depends: TP5, __Unitest__)


╔══════════════════════════════════════════════════════════════════════════════════════════════╗
║  Project: __Unitest__                                                      Kind: STATIC_LIB  ║
╚══════════════════════════════════════════════════════════════════════════════════════════════╝

ℹ Found 11 source file(s)
✓ All files up to date
ℹ Linking...
✓ Built: Build/Lib/Debug-Linux/__Unitest__/Unitest.a

┌──────────────────────────────────────────────────────────────────────────────────────────────┐
│  ✓ Build Successful                                                             Time: 0.07s  │
└──────────────────────────────────────────────────────────────────────────────────────────────┘

╔══════════════════════════════════════════════════════════════════════════════════════════════╗
║  Project: TP5                                                             Kind: CONSOLE_APP  ║
╚══════════════════════════════════════════════════════════════════════════════════════════════╝

ℹ Found 1 source file(s)
✓ All files up to date
ℹ Linking...
✓ Built: Build/Bin/Debug/TP5

┌──────────────────────────────────────────────────────────────────────────────────────────────┐
│  ✓ Build Successful                                                             Time: 0.07s  │
└──────────────────────────────────────────────────────────────────────────────────────────────┘

╔══════════════════════════════════════════════════════════════════════════════════════════════╗
║  Project: TP5_Tests                                                        Kind: TEST_SUITE  ║
╚══════════════════════════════════════════════════════════════════════════════════════════════╝

ℹ Found 2 source file(s)
✓ All files up to date
ℹ Linking...
✓ Built: Build/Tests/Debug-Linux/TP5_Tests

┌──────────────────────────────────────────────────────────────────────────────────────────────┐
│  ✓ Build Successful                                                             Time: 0.09s  │
└──────────────────────────────────────────────────────────────────────────────────────────────┘

════════════════════════════════════════════════════════════════════════════════
                                BUILD COMPLETED                                 
════════════════════════════════════════════════════════════════════════════════
Projects Built:  3/3
Time:           0.24s
Status:         ✓ SUCCESS
════════════════════════════════════════════════════════════════════════════════


Running tests for TP5_Tests...
